[bio-portal.online/vsl-vr-b-hg/index.html]
[backblue.gif]
[fade.gif]
[index.html]
[grupoltz.com/wp-includes/css/dist/block-library/style.min904c.css]
[grupoltz.com/wp-content/themes/hello-elementor/style.mina305.css]
[grupoltz.com/wp-content/themes/hello-elementor/theme.mina305.css]
[grupoltz.com/wp-content/plugins/elementor/assets/lib/eicons/css/elementor-icons.min7816.css]
[grupoltz.com/wp-content/plugins/elementor/assets/css/frontend.min3ab2.css]
[grupoltz.com/wp-content/uploads/elementor/css/post-7108b.css]
[grupoltz.com/wp-content/plugins/elementor-pro/assets/css/frontend.min9d52.css]
[grupoltz.com/wp-content/uploads/elementor/css/globalbc1b.css]
[grupoltz.com/wp-content/uploads/elementor/css/post-9688e08b.css]
[tag.navdmp.com/universal.min.js]
[ajax.googleapis.com/ajax/libs/jquery/1.9.1/jquery.min.js]
[cdn.converteai.net/64db969e-a6a4-43e1-9289-61eb9a49cd6c/players/623b8f0e34cf0a000a50ca4f/player.js]
[bio-portal.online/vsl-vr-b-hg/e.e.delayed]
[grupoltz.com/wp-content/plugins/elementor/assets/lib/animations/animations.min3ab2.css]
[grupoltz.com/wp-content/plugins/elementor-pro/assets/js/webpack-pro.runtime.min9d52.js]
[grupoltz.com/wp-content/plugins/elementor/assets/js/webpack.runtime.min3ab2.js]
[grupoltz.com/wp-includes/js/jquery/jquery.minaf6c.js]
[grupoltz.com/wp-includes/js/jquery/jquery-migrate.mind617.js]
[grupoltz.com/wp-content/plugins/elementor/assets/js/frontend-modules.min3ab2.js]
[grupoltz.com/wp-content/plugins/elementor-pro/assets/js/frontend.min9d52.js]
[grupoltz.com/wp-content/plugins/elementor/assets/lib/waypoints/waypoints.min05da.js]
[grupoltz.com/wp-includes/js/jquery/ui/core.min0028.js]
[grupoltz.com/wp-content/plugins/elementor/assets/lib/swiper/swiper.min48f5.js]
[grupoltz.com/wp-content/plugins/elementor/assets/lib/share-link/share-link.min3ab2.js]
[grupoltz.com/wp-content/plugins/elementor/assets/lib/dialog/dialog.mind227.js]
[grupoltz.com/wp-content/plugins/elementor/assets/js/frontend.min3ab2.js]
[grupoltz.com/wp-content/plugins/elementor-pro/assets/js/preloaded-elements-handlers.min9d52.js]
[grupoltz.com/wp-content/plugins/elementor/assets/js/preloaded-modules.min3ab2.js]
[grupoltz.com/wp-content/plugins/elementor-pro/assets/lib/sticky/jquery.sticky.min9d52.js]
[bio-portal.online/vsl-vr-b-hg/index.html]
[grupoltz.com/wp-includes/css/dist/block-library/style.min904c.css]
[grupoltz.com/wp-content/themes/hello-elementor/style.mina305.css]
[grupoltz.com/wp-content/themes/hello-elementor/theme.mina305.css]
[grupoltz.com/wp-content/plugins/elementor/assets/lib/eicons/css/elementor-icons.min7816.css]
[grupoltz.com/wp-content/plugins/elementor/assets/css/frontend.min3ab2.css]
[grupoltz.com/wp-content/uploads/elementor/css/post-7108b.css]
[grupoltz.com/wp-content/plugins/elementor-pro/assets/css/frontend.min9d52.css]
[grupoltz.com/wp-content/uploads/elementor/css/globalbc1b.css]
[grupoltz.com/wp-content/uploads/2022/03/money-background.jpg]
[grupoltz.com/wp-content/uploads/elementor/css/post-9688e08b.css]
[www.googletagmanager.com/gtm5445.html]
[launcher.hotmart.com/launcher.js]
[bio-portal.online/vsl-vr-b-hg/e.html]
[grupoltz.com/wp-content/plugins/elementor/assets/lib/animations/animations.min3ab2.css]
[grupoltz.com/wp-content/plugins/elementor-pro/assets/js/webpack-pro.runtime.min9d52.js]
[grupoltz.com/wp-content/plugins/elementor/assets/js/webpack.runtime.min3ab2.js]
[grupoltz.com/wp-includes/js/jquery/jquery.minaf6c.js]
[grupoltz.com/wp-includes/js/jquery/jquery-migrate.mind617.js]
[grupoltz.com/wp-content/plugins/elementor/assets/js/frontend-modules.min3ab2.js]
[grupoltz.com/wp-content/plugins/elementor-pro/assets/js/frontend.min9d52.js]
[grupoltz.com/wp-content/plugins/elementor/assets/lib/waypoints/waypoints.min05da.js]
[grupoltz.com/wp-includes/js/jquery/ui/core.min0028.js]
[grupoltz.com/wp-content/plugins/elementor/assets/lib/swiper/swiper.min48f5.js]
[grupoltz.com/wp-content/plugins/elementor/assets/lib/share-link/share-link.min3ab2.js]
[bio-portal.online/vsl-vr-b-hg/Trident/index.html]
[bio-portal.online/vsl-vr-b-hg/Edge/index.html]
[bio-portal.online/vsl-vr-b-hg/Gecko/index.html]
[grupoltz.com/wp-content/plugins/elementor/assets/lib/dialog/dialog.mind227.js]
[bio-portal.online/vsl-vr-b-hg/Firefox/index.html]
[bio-portal.online/vsl-vr-b-hg/Version/index.html]
[bio-portal.online/vsl-vr-b-hg/version/index-2.html]
[bio-portal.online/vsl-vr-b-hg/-negative.svg]
[grupoltz.com/wp-content/plugins/elementor/assets/js/frontend.min3ab2.js]
[bio-portal.online/vsl-vr-b-hg/OPR/index.html]
[bio-portal.online/vsl-vr-b-hg/document.location]
[grupoltz.com/wp-content/plugins/elementor-pro/assets/js/preloaded-elements-handlers.min9d52.js]
[grupoltz.com/wp-content/plugins/elementor/assets/js/preloaded-modules.min3ab2.js]
[grupoltz.com/wp-content/plugins/elementor-pro/assets/lib/sticky/jquery.sticky.min9d52.js]
[bio-portal.online/vsl-vr-b-hg/Trident/index.html]
[bio-portal.online/vsl-vr-b-hg/Edge/index.html]
[bio-portal.online/vsl-vr-b-hg/Gecko/index.html]
[bio-portal.online/vsl-vr-b-hg/Firefox/index.html]
[bio-portal.online/vsl-vr-b-hg/Version/index.html]
[bio-portal.online/vsl-vr-b-hg/version/index-2.html]
[bio-portal.online/vsl-vr-b-hg/-negative.html]
[bio-portal.online/vsl-vr-b-hg/OPR/index.html]
[bio-portal.online/vsl-vr-b-hg/document.html]
